../Core/Src/main.c:58:6:Keypad_Init	8	static
../Core/Src/main.c:63:6:Ultrasonic_Init	4	static
../Core/Src/main.c:68:6:Temperature_Sensor_Init	4	static
../Core/Src/main.c:74:6:GPIO_Init	32	static
../Core/Src/main.c:92:6:Servo_Init	4	static
../Core/Src/main.c:114:6:TriggerBuzzer	24	static
../Core/Src/main.c:123:6:FireDetection	8	static,ignoring_inline_asm
../Core/Src/main.c:143:6:MotionDetection	8	static
../Core/Src/main.c:170:6:TriggerAlert	16	static
../Core/Src/main.c:187:6:PasswordModule	16	static
../Core/Src/main.c:241:5:main	8	static
../Core/Src/main.c:261:6:EXTI9_5_IRQHandler	8	static,ignoring_inline_asm
../Core/Src/main.c:283:6:SystemClock_Config	88	static
../Core/Src/main.c:319:6:Error_Handler	8	static,ignoring_inline_asm
